\BOOKMARK [1][-]{section.1}{Introduction}{}% 1
\BOOKMARK [2][-]{subsection.1.1}{The Problem of Confinement}{section.1}% 2
\BOOKMARK [2][-]{subsection.1.2}{The Split-Octonion Hypothesis}{section.1}% 3
\BOOKMARK [2][-]{subsection.1.3}{The Zorn Matrix Representation}{section.1}% 4
\BOOKMARK [1][-]{section.2}{The Algebraic Architecture of the Vacuum}{}% 5
\BOOKMARK [2][-]{subsection.2.1}{Peirce Decomposition and the Paracomplex Unit}{section.2}% 6
\BOOKMARK [2][-]{subsection.2.2}{The Twin Thermal Waves and Modular Flow}{section.2}% 7
\BOOKMARK [2][-]{subsection.2.3}{Hawking-Unruh Anyons on the Causal Cones}{section.2}% 8
\BOOKMARK [1][-]{section.3}{Spinor Subalgebras and Kinematic Decoupling}{}% 9
\BOOKMARK [1][-]{section.4}{Gauge Automorphisms and SU\(3\) Color}{}% 10
\BOOKMARK [1][-]{section.5}{Derivation of the Hadronic Spectrum}{}% 11
\BOOKMARK [2][-]{subsection.5.1}{The Baryon Associator}{section.5}% 12
\BOOKMARK [2][-]{subsection.5.2}{The Anti-Baryon Associator}{section.5}% 13
\BOOKMARK [2][-]{subsection.5.3}{The Meson Spectrum}{section.5}% 14
\BOOKMARK [1][-]{section.6}{Thermofield Dynamics, Lorentz Isometries, and Information Geometry}{}% 15
\BOOKMARK [2][-]{subsection.6.1}{Paracomplex Modular Flow and SO\(4,4\) Lorentz Isometries}{section.6}% 16
\BOOKMARK [2][-]{subsection.6.2}{Information Geometry and the Self-Concordant Lorentz Barrier}{section.6}% 17
\BOOKMARK [2][-]{subsection.6.3}{Metriplectic Dynamics and Dissipative Vacuum Evolution}{section.6}% 18
\BOOKMARK [2][-]{subsection.6.4}{De Rham Cohomology and the Event Horizon Singlet}{section.6}% 19
\BOOKMARK [2][-]{subsection.6.5}{The Weyl Gauge Connection and Mirror Gromov-Witten Invariants}{section.6}% 20
\BOOKMARK [1][-]{section.7}{Computational and Formal Methods}{}% 21
\BOOKMARK [2][-]{subsection.7.1}{Resolving the Non-Associative Expansions}{section.7}% 22
\BOOKMARK [2][-]{subsection.7.2}{Formalizing the Automorphisms}{section.7}% 23
\BOOKMARK [2][-]{subsection.7.3}{Symbolic Validation of the Information Manifold}{section.7}% 24
\BOOKMARK [1][-]{section.8}{Conclusion and Outlook}{}% 25
