{"synthetic": false,
 "schemaVersion": "2025-09-10",
 "outputs":
 {"o": ["9f681717cf57e9d9.olean"],
  "i": "b3d66e33c84ff2ba.ilean",
  "c": "71be0a2cc4ed91d8.c"},
 "log":
 [{"message":
   ".> LEAN_PATH=/home/goutev/LEAN4/info-geometry-lean/lean/.lake/packages/Cli/.lake/build/lib/lean:/home/goutev/LEAN4/info-geometry-lean/lean/.lake/packages/batteries/.lake/build/lib/lean:/home/goutev/LEAN4/info-geometry-lean/lean/.lake/packages/Qq/.lake/build/lib/lean:/home/goutev/LEAN4/info-geometry-lean/lean/.lake/packages/aesop/.lake/build/lib/lean:/home/goutev/LEAN4/info-geometry-lean/lean/.lake/packages/proofwidgets/.lake/build/lib/lean:/home/goutev/LEAN4/info-geometry-lean/lean/.lake/packages/importGraph/.lake/build/lib/lean:/home/goutev/LEAN4/info-geometry-lean/lean/.lake/packages/LeanSearchClient/.lake/build/lib/lean:/home/goutev/LEAN4/info-geometry-lean/lean/.lake/packages/plausible/.lake/build/lib/lean:/home/goutev/LEAN4/info-geometry-lean/lean/.lake/packages/mathlib/.lake/build/lib/lean:/home/goutev/LEAN4/info-geometry-lean/lean/.lake/build/lib/lean /home/goutev/.elan/toolchains/leanprover--lean4---v4.28.0/bin/lean /home/goutev/LEAN4/info-geometry-lean/lean/InfoGeometry/Prequantum/Bundle.lean -o /home/goutev/LEAN4/info-geometry-lean/lean/.lake/build/lib/lean/InfoGeometry/Prequantum/Bundle.olean -i /home/goutev/LEAN4/info-geometry-lean/lean/.lake/build/lib/lean/InfoGeometry/Prequantum/Bundle.ilean -c /home/goutev/LEAN4/info-geometry-lean/lean/.lake/build/ir/InfoGeometry/Prequantum/Bundle.c --setup /home/goutev/LEAN4/info-geometry-lean/lean/.lake/build/ir/InfoGeometry/Prequantum/Bundle.setup.json --json",
   "level": "trace"}],
 "inputs":
 [["InfoGeometry.Prequantum.Bundle:deps",
   [["deps",
     [["infogeometry/InfoGeometry:extraDep",
       [["@infogeometry:extraDep", "00000000000006bb"]]],
      ["imports",
       [["InfoGeometry.Prequantum.Scaling transitive imports (legacy)",
         "8f81b693c462db21"],
        ["InfoGeometry.Prequantum.Scaling:importAllArts", "ef1962fd363c4789"],
        ["InfoGeometry.Projective.Rays transitive imports (legacy)",
         "63c9c4bb6dd45605"],
        ["InfoGeometry.Projective.Rays:importAllArts", "2876b53cd29485c7"]]]]],
    ["libs",
     [["import dynlibs", "00000000000006bb"],
      ["package external libraries", "00000000000006bb"],
      ["module dynlibs", "00000000000006bb"],
      ["module plugins", "00000000000006bb"]]]]],
  ["Lean 4.28.0, commit 7e01a1bf5c70fc6167d49c345d3bf80596e9a79b",
   "a96bc04a2e5e9630"],
  ["/home/goutev/LEAN4/info-geometry-lean/lean/InfoGeometry/Prequantum/Bundle.lean",
   "2911fc7500cc0786"],
  ["options", "00000000000006bb"],
  ["Module.leanArgs: #[]", "00000000000006bb"]],
 "depHash": "b8730bf147bffa76"}