{"synthetic": false,
 "schemaVersion": "2025-09-10",
 "outputs":
 {"o": ["9897c304f0e7fccd.olean"],
  "i": "fbc44fcfe867c336.ilean",
  "c": "c0b5de3bc6d5a50f.c"},
 "log":
 [{"message":
   ".> LEAN_PATH=/home/goutev/LEAN4/info-geometry-lean/lean/.lake/packages/Cli/.lake/build/lib/lean:/home/goutev/LEAN4/info-geometry-lean/lean/.lake/packages/batteries/.lake/build/lib/lean:/home/goutev/LEAN4/info-geometry-lean/lean/.lake/packages/Qq/.lake/build/lib/lean:/home/goutev/LEAN4/info-geometry-lean/lean/.lake/packages/aesop/.lake/build/lib/lean:/home/goutev/LEAN4/info-geometry-lean/lean/.lake/packages/proofwidgets/.lake/build/lib/lean:/home/goutev/LEAN4/info-geometry-lean/lean/.lake/packages/importGraph/.lake/build/lib/lean:/home/goutev/LEAN4/info-geometry-lean/lean/.lake/packages/LeanSearchClient/.lake/build/lib/lean:/home/goutev/LEAN4/info-geometry-lean/lean/.lake/packages/plausible/.lake/build/lib/lean:/home/goutev/LEAN4/info-geometry-lean/lean/.lake/packages/mathlib/.lake/build/lib/lean:/home/goutev/LEAN4/info-geometry-lean/lean/.lake/build/lib/lean /home/goutev/.elan/toolchains/leanprover--lean4---v4.28.0/bin/lean /home/goutev/LEAN4/info-geometry-lean/lean/InfoGeometry/Clifford/Grading.lean -o /home/goutev/LEAN4/info-geometry-lean/lean/.lake/build/lib/lean/InfoGeometry/Clifford/Grading.olean -i /home/goutev/LEAN4/info-geometry-lean/lean/.lake/build/lib/lean/InfoGeometry/Clifford/Grading.ilean -c /home/goutev/LEAN4/info-geometry-lean/lean/.lake/build/ir/InfoGeometry/Clifford/Grading.c --setup /home/goutev/LEAN4/info-geometry-lean/lean/.lake/build/ir/InfoGeometry/Clifford/Grading.setup.json --json",
   "level": "trace"}],
 "inputs":
 [["InfoGeometry.Clifford.Grading:deps",
   [["deps",
     [["infogeometry/InfoGeometry:extraDep",
       [["@infogeometry:extraDep", "00000000000006bb"]]],
      ["imports",
       [["InfoGeometry.Clifford.Cl11 transitive imports (legacy)",
         "a5a43790adc36ed2"],
        ["InfoGeometry.Clifford.Cl11:importAllArts", "6462afc81f73c81b"],
        ["InfoGeometry.Core.Involution transitive imports (legacy)",
         "24b04ef2abf2c157"],
        ["InfoGeometry.Core.Involution:importAllArts", "c7a2d9992ea51e75"],
        ["Mathlib.Algebra.Lie.OfAssociative transitive imports (legacy)",
         "a7606dcce54b59c2"],
        ["Mathlib.Algebra.Lie.OfAssociative:importAllArts",
         "d2a614d75fdbd2f5"]]]]],
    ["libs",
     [["import dynlibs", "00000000000006bb"],
      ["package external libraries", "00000000000006bb"],
      ["module dynlibs", "00000000000006bb"],
      ["module plugins", "00000000000006bb"]]]]],
  ["Lean 4.28.0, commit 7e01a1bf5c70fc6167d49c345d3bf80596e9a79b",
   "a96bc04a2e5e9630"],
  ["/home/goutev/LEAN4/info-geometry-lean/lean/InfoGeometry/Clifford/Grading.lean",
   "0cd85db057e80e0d"],
  ["options", "00000000000006bb"],
  ["Module.leanArgs: #[]", "00000000000006bb"]],
 "depHash": "4a21b079e7b735df"}