{"synthetic": false,
 "schemaVersion": "2025-09-10",
 "outputs":
 {"o": ["351e31ae4f242067.olean"],
  "i": "0fa38c1b05632ebc.ilean",
  "c": "453a6975a2c6e3e8.c"},
 "log":
 [{"message":
   ".> LEAN_PATH=/home/goutev/LEAN4/info-geometry-lean/lean/.lake/packages/Cli/.lake/build/lib/lean:/home/goutev/LEAN4/info-geometry-lean/lean/.lake/packages/batteries/.lake/build/lib/lean:/home/goutev/LEAN4/info-geometry-lean/lean/.lake/packages/Qq/.lake/build/lib/lean:/home/goutev/LEAN4/info-geometry-lean/lean/.lake/packages/aesop/.lake/build/lib/lean:/home/goutev/LEAN4/info-geometry-lean/lean/.lake/packages/proofwidgets/.lake/build/lib/lean:/home/goutev/LEAN4/info-geometry-lean/lean/.lake/packages/importGraph/.lake/build/lib/lean:/home/goutev/LEAN4/info-geometry-lean/lean/.lake/packages/LeanSearchClient/.lake/build/lib/lean:/home/goutev/LEAN4/info-geometry-lean/lean/.lake/packages/plausible/.lake/build/lib/lean:/home/goutev/LEAN4/info-geometry-lean/lean/.lake/packages/mathlib/.lake/build/lib/lean:/home/goutev/LEAN4/info-geometry-lean/lean/.lake/build/lib/lean /home/goutev/.elan/toolchains/leanprover--lean4---v4.28.0-rc1/bin/lean /home/goutev/LEAN4/info-geometry-lean/lean/InfoGeometry/Basic.lean -o /home/goutev/LEAN4/info-geometry-lean/lean/.lake/build/lib/lean/InfoGeometry/Basic.olean -i /home/goutev/LEAN4/info-geometry-lean/lean/.lake/build/lib/lean/InfoGeometry/Basic.ilean -c /home/goutev/LEAN4/info-geometry-lean/lean/.lake/build/ir/InfoGeometry/Basic.c --setup /home/goutev/LEAN4/info-geometry-lean/lean/.lake/build/ir/InfoGeometry/Basic.setup.json --json",
   "level": "trace"}],
 "inputs":
 [["InfoGeometry.Basic:deps",
   [["deps",
     [["«info-geometry»/InfoGeometry:extraDep",
       [["@«info-geometry»:extraDep", "00000000000006bb"]]],
      ["imports",
       [["Mathlib transitive imports (legacy)", "f9da6cd4fca56da0"],
        ["Mathlib:importAllArts", "34e29ba263089bbb"]]]]],
    ["libs",
     [["import dynlibs", "00000000000006bb"],
      ["package external libraries", "00000000000006bb"],
      ["module dynlibs", "00000000000006bb"],
      ["module plugins", "00000000000006bb"]]]]],
  ["Lean 4.28.0, commit 3b0f2862196c6a8af9eb0025ee650252694013dd",
   "612345b87aa96642"],
  ["/home/goutev/LEAN4/info-geometry-lean/lean/InfoGeometry/Basic.lean",
   "f9ec36e12d51e4e3"],
  ["options", "00000000000006bb"],
  ["Module.leanArgs: #[]", "00000000000006bb"]],
 "depHash": "61b48af38ccb01e8"}