{"synthetic": false,
 "schemaVersion": "2025-09-10",
 "outputs":
 {"o": ["ea298ae7f1d0b6f8.olean"],
  "i": "3de2c8f2950020e0.ilean",
  "c": "5ce67774bd61d0c8.c"},
 "log":
 [{"message":
   ".> LEAN_PATH=/home/goutev/LEAN4/info-geometry-lean/lean/.lake/packages/Cli/.lake/build/lib/lean:/home/goutev/LEAN4/info-geometry-lean/lean/.lake/packages/batteries/.lake/build/lib/lean:/home/goutev/LEAN4/info-geometry-lean/lean/.lake/packages/Qq/.lake/build/lib/lean:/home/goutev/LEAN4/info-geometry-lean/lean/.lake/packages/aesop/.lake/build/lib/lean:/home/goutev/LEAN4/info-geometry-lean/lean/.lake/packages/proofwidgets/.lake/build/lib/lean:/home/goutev/LEAN4/info-geometry-lean/lean/.lake/packages/importGraph/.lake/build/lib/lean:/home/goutev/LEAN4/info-geometry-lean/lean/.lake/packages/LeanSearchClient/.lake/build/lib/lean:/home/goutev/LEAN4/info-geometry-lean/lean/.lake/packages/plausible/.lake/build/lib/lean:/home/goutev/LEAN4/info-geometry-lean/lean/.lake/packages/mathlib/.lake/build/lib/lean:/home/goutev/LEAN4/info-geometry-lean/lean/.lake/build/lib/lean /home/goutev/.elan/toolchains/leanprover--lean4---v4.28.0/bin/lean /home/goutev/LEAN4/info-geometry-lean/lean/InfoGeometry/KL.lean -o /home/goutev/LEAN4/info-geometry-lean/lean/.lake/build/lib/lean/InfoGeometry/KL.olean -i /home/goutev/LEAN4/info-geometry-lean/lean/.lake/build/lib/lean/InfoGeometry/KL.ilean -c /home/goutev/LEAN4/info-geometry-lean/lean/.lake/build/ir/InfoGeometry/KL.c --setup /home/goutev/LEAN4/info-geometry-lean/lean/.lake/build/ir/InfoGeometry/KL.setup.json --json",
   "level": "trace"}],
 "inputs":
 [["InfoGeometry.KL:deps",
   [["deps",
     [["infogeometry/InfoGeometry:extraDep",
       [["@infogeometry:extraDep", "00000000000006bb"]]],
      ["imports",
       [["InfoGeometry.KL.Finite transitive imports (legacy)",
         "bebee05e9b743286"],
        ["InfoGeometry.KL.Finite:importAllArts", "cc5d425a9f79b81f"],
        ["InfoGeometry.KL.Measure transitive imports (legacy)",
         "7cfa6dbebe3b1944"],
        ["InfoGeometry.KL.Measure:importAllArts", "49272d07a58e18a4"]]]]],
    ["libs",
     [["import dynlibs", "00000000000006bb"],
      ["package external libraries", "00000000000006bb"],
      ["module dynlibs", "00000000000006bb"],
      ["module plugins", "00000000000006bb"]]]]],
  ["Lean 4.28.0, commit 7e01a1bf5c70fc6167d49c345d3bf80596e9a79b",
   "a96bc04a2e5e9630"],
  ["/home/goutev/LEAN4/info-geometry-lean/lean/InfoGeometry/KL.lean",
   "6818e577e33d0faf"],
  ["options", "00000000000006bb"],
  ["Module.leanArgs: #[]", "00000000000006bb"]],
 "depHash": "37bb001f9bd0c97b"}