{"synthetic": false,
 "schemaVersion": "2025-09-10",
 "outputs":
 {"o": ["be12a87cfed4bb1a.olean"],
  "i": "2497a3a07c428b37.ilean",
  "c": "b1b3e0a144db04b3.c"},
 "log":
 [{"message":
   ".> LEAN_PATH=/home/goutev/LEAN4/info-geometry-lean/lean/.lake/packages/Cli/.lake/build/lib/lean:/home/goutev/LEAN4/info-geometry-lean/lean/.lake/packages/batteries/.lake/build/lib/lean:/home/goutev/LEAN4/info-geometry-lean/lean/.lake/packages/Qq/.lake/build/lib/lean:/home/goutev/LEAN4/info-geometry-lean/lean/.lake/packages/aesop/.lake/build/lib/lean:/home/goutev/LEAN4/info-geometry-lean/lean/.lake/packages/proofwidgets/.lake/build/lib/lean:/home/goutev/LEAN4/info-geometry-lean/lean/.lake/packages/importGraph/.lake/build/lib/lean:/home/goutev/LEAN4/info-geometry-lean/lean/.lake/packages/LeanSearchClient/.lake/build/lib/lean:/home/goutev/LEAN4/info-geometry-lean/lean/.lake/packages/plausible/.lake/build/lib/lean:/home/goutev/LEAN4/info-geometry-lean/lean/.lake/packages/mathlib/.lake/build/lib/lean:/home/goutev/LEAN4/info-geometry-lean/lean/.lake/build/lib/lean /home/goutev/.elan/toolchains/leanprover--lean4---v4.28.0-rc1/bin/lean /home/goutev/LEAN4/info-geometry-lean/lean/InfoGeometry/Renyi.lean -o /home/goutev/LEAN4/info-geometry-lean/lean/.lake/build/lib/lean/InfoGeometry/Renyi.olean -i /home/goutev/LEAN4/info-geometry-lean/lean/.lake/build/lib/lean/InfoGeometry/Renyi.ilean -c /home/goutev/LEAN4/info-geometry-lean/lean/.lake/build/ir/InfoGeometry/Renyi.c --setup /home/goutev/LEAN4/info-geometry-lean/lean/.lake/build/ir/InfoGeometry/Renyi.setup.json --json",
   "level": "trace"}],
 "inputs":
 [["InfoGeometry.Renyi:deps",
   [["deps",
     [["«info-geometry»/InfoGeometry:extraDep",
       [["@«info-geometry»:extraDep", "00000000000006bb"]]],
      ["imports",
       [["InfoGeometry.KL transitive imports (legacy)", "0e27cb9a322c9999"],
        ["InfoGeometry.KL:importAllArts", "18975d82f7e80665"],
        ["Mathlib transitive imports (legacy)", "f9da6cd4fca56da0"],
        ["Mathlib:importAllArts", "34e29ba263089bbb"]]]]],
    ["libs",
     [["import dynlibs", "00000000000006bb"],
      ["package external libraries", "00000000000006bb"],
      ["module dynlibs", "00000000000006bb"],
      ["module plugins", "00000000000006bb"]]]]],
  ["Lean 4.28.0, commit 3b0f2862196c6a8af9eb0025ee650252694013dd",
   "612345b87aa96642"],
  ["/home/goutev/LEAN4/info-geometry-lean/lean/InfoGeometry/Renyi.lean",
   "f345fe630c95667d"],
  ["options", "00000000000006bb"],
  ["Module.leanArgs: #[]", "00000000000006bb"]],
 "depHash": "a10f05581c0e776b"}