{"synthetic": false,
 "schemaVersion": "2025-09-10",
 "outputs": null,
 "log":
 [{"message":
   "/home/goutev/LEAN4/info-geometry-lean> python3 tools/infra/dag_manifest.py --config dag-toolchain.json --skip-prebuild",
   "level": "trace"},
  {"message":
   "stdout:\n[dag-manifest] config: dag-toolchain.json\n[dag-manifest] running: /home/goutev/LEAN4/info-geometry-lean/.venv/bin/python3 tools/infra/dag_refresh.py --config dag-toolchain.json --skip-prebuild\n[dag-manifest] manifest: artifacts/dag/index/manifest.json\n[dag-refresh] config: dag-toolchain.json\n[dag-refresh] running: /home/goutev/LEAN4/info-geometry-lean/.venv/bin/python3 tools/infra/refresh_decl_graph.py --import-root InfoGeometry.All --build-target InfoGeometry.All --namespace InfoGeometry --index-dir artifacts/dag/index --graph-out artifacts/dag/full_graph.json --structure-out artifacts/dag/structural-topology.json --run-mode exe --skip-prebuild\n[refresh-decl-graph] oleans unchanged since last run, skipping (use --force to override)",
   "level": "trace"}],
 "inputs":
 [["<collection>",
   [["/home/goutev/LEAN4/info-geometry-lean/dag-toolchain.json",
     "8b01c86d215dd87a"],
    ["/home/goutev/LEAN4/info-geometry-lean/tools/infra/dag_manifest.py",
     "cd912a6f2bad8ed6"],
    ["/home/goutev/LEAN4/info-geometry-lean/tools/infra/dag_refresh.py",
     "853a4f67c961e1bd"],
    ["/home/goutev/LEAN4/info-geometry-lean/tools/infra/dag_config.py",
     "39e39d0358c60dbb"],
    ["/home/goutev/LEAN4/info-geometry-lean/tools/infra/artifacts.py",
     "a2c572ac35035b60"],
    ["/home/goutev/LEAN4/info-geometry-lean/tools/infra/build.py",
     "fbea26fa7d3f2a6b"],
    ["/home/goutev/LEAN4/info-geometry-lean/tools/infra/refresh_decl_graph.py",
     "5fa8a66f2aa43d72"],
    ["/home/goutev/LEAN4/info-geometry-lean/tools/pathing.py",
     "0e1e9ae92a17393b"]]],
  ["/home/goutev/LEAN4/info-geometry-lean/.lake/build/bin/dagIndexer",
   "cc1eb5bf0853f97c"],
  ["InfoGeometry.All:olean",
   [["/home/goutev/LEAN4/info-geometry-lean/.lake/build/lib/lean/InfoGeometry/All.olean",
     "6866488ce3f5d058"]]]],
 "depHash": "dcf7994a2e9cfe87"}