{"synthetic": false,
 "schemaVersion": "2025-09-10",
 "outputs":
 {"o": ["ad663c8df197b282.olean"],
  "i": "77104fc82dc78be7.ilean",
  "c": "bd0487abb5689909.c"},
 "log":
 [{"message":
   ".> LEAN_PATH=/home/goutev/LEAN4/info-geometry-lean/lean/.lake/packages/Cli/.lake/build/lib/lean:/home/goutev/LEAN4/info-geometry-lean/lean/.lake/packages/batteries/.lake/build/lib/lean:/home/goutev/LEAN4/info-geometry-lean/lean/.lake/packages/Qq/.lake/build/lib/lean:/home/goutev/LEAN4/info-geometry-lean/lean/.lake/packages/aesop/.lake/build/lib/lean:/home/goutev/LEAN4/info-geometry-lean/lean/.lake/packages/proofwidgets/.lake/build/lib/lean:/home/goutev/LEAN4/info-geometry-lean/lean/.lake/packages/importGraph/.lake/build/lib/lean:/home/goutev/LEAN4/info-geometry-lean/lean/.lake/packages/LeanSearchClient/.lake/build/lib/lean:/home/goutev/LEAN4/info-geometry-lean/lean/.lake/packages/plausible/.lake/build/lib/lean:/home/goutev/LEAN4/info-geometry-lean/lean/.lake/packages/mathlib/.lake/build/lib/lean:/home/goutev/LEAN4/info-geometry-lean/lean/.lake/build/lib/lean /home/goutev/.elan/toolchains/leanprover--lean4---v4.28.0/bin/lean /home/goutev/LEAN4/info-geometry-lean/lean/InfoGeometry/Projective/Rays.lean -o /home/goutev/LEAN4/info-geometry-lean/lean/.lake/build/lib/lean/InfoGeometry/Projective/Rays.olean -i /home/goutev/LEAN4/info-geometry-lean/lean/.lake/build/lib/lean/InfoGeometry/Projective/Rays.ilean -c /home/goutev/LEAN4/info-geometry-lean/lean/.lake/build/ir/InfoGeometry/Projective/Rays.c --setup /home/goutev/LEAN4/info-geometry-lean/lean/.lake/build/ir/InfoGeometry/Projective/Rays.setup.json --json",
   "level": "trace"}],
 "inputs":
 [["InfoGeometry.Projective.Rays:deps",
   [["deps",
     [["infogeometry/InfoGeometry:extraDep",
       [["@infogeometry:extraDep", "00000000000006bb"]]],
      ["imports",
       [["InfoGeometry.Clifford.Cl11 transitive imports (legacy)",
         "25ca2d3e7d41e3c4"],
        ["InfoGeometry.Clifford.Cl11:importAllArts", "bc2da0ee44d57362"]]]]],
    ["libs",
     [["import dynlibs", "00000000000006bb"],
      ["package external libraries", "00000000000006bb"],
      ["module dynlibs", "00000000000006bb"],
      ["module plugins", "00000000000006bb"]]]]],
  ["Lean 4.28.0, commit 7e01a1bf5c70fc6167d49c345d3bf80596e9a79b",
   "a96bc04a2e5e9630"],
  ["/home/goutev/LEAN4/info-geometry-lean/lean/InfoGeometry/Projective/Rays.lean",
   "ea05311d9b509c55"],
  ["options", "00000000000006bb"],
  ["Module.leanArgs: #[]", "00000000000006bb"]],
 "depHash": "7d32058b4e5bde1d"}