{"synthetic": false,
 "schemaVersion": "2025-09-10",
 "outputs":
 {"o": ["45c7314cc9039584.olean"],
  "i": "b46b6fc22a18e4a5.ilean",
  "c": "8d8b4727a93d8973.c"},
 "log":
 [{"message":
   ".> LEAN_PATH=/home/goutev/LEAN4/info-geometry-lean/lean/.lake/packages/Cli/.lake/build/lib/lean:/home/goutev/LEAN4/info-geometry-lean/lean/.lake/packages/batteries/.lake/build/lib/lean:/home/goutev/LEAN4/info-geometry-lean/lean/.lake/packages/Qq/.lake/build/lib/lean:/home/goutev/LEAN4/info-geometry-lean/lean/.lake/packages/aesop/.lake/build/lib/lean:/home/goutev/LEAN4/info-geometry-lean/lean/.lake/packages/proofwidgets/.lake/build/lib/lean:/home/goutev/LEAN4/info-geometry-lean/lean/.lake/packages/importGraph/.lake/build/lib/lean:/home/goutev/LEAN4/info-geometry-lean/lean/.lake/packages/LeanSearchClient/.lake/build/lib/lean:/home/goutev/LEAN4/info-geometry-lean/lean/.lake/packages/plausible/.lake/build/lib/lean:/home/goutev/LEAN4/info-geometry-lean/lean/.lake/packages/mathlib/.lake/build/lib/lean:/home/goutev/LEAN4/info-geometry-lean/lean/.lake/build/lib/lean /home/goutev/.elan/toolchains/leanprover--lean4---v4.28.0-rc1/bin/lean /home/goutev/LEAN4/info-geometry-lean/lean/InfoGeometry.lean -o /home/goutev/LEAN4/info-geometry-lean/lean/.lake/build/lib/lean/InfoGeometry.olean -i /home/goutev/LEAN4/info-geometry-lean/lean/.lake/build/lib/lean/InfoGeometry.ilean -c /home/goutev/LEAN4/info-geometry-lean/lean/.lake/build/ir/InfoGeometry.c --setup /home/goutev/LEAN4/info-geometry-lean/lean/.lake/build/ir/InfoGeometry.setup.json --json",
   "level": "trace"}],
 "inputs":
 [["InfoGeometry:deps",
   [["deps",
     [["«info-geometry»/InfoGeometry:extraDep",
       [["@«info-geometry»:extraDep", "00000000000006bb"]]],
      ["imports",
       [["InfoGeometry.Basic transitive imports (legacy)", "5735cfefaabf54b6"],
        ["InfoGeometry.Basic:importAllArts", "90be8af738aeaa5c"],
        ["InfoGeometry.KL transitive imports (legacy)", "0e27cb9a322c9999"],
        ["InfoGeometry.KL:importAllArts", "18975d82f7e80665"],
        ["InfoGeometry.Fenchel transitive imports (legacy)",
         "5735cfefaabf54b6"],
        ["InfoGeometry.Fenchel:importAllArts", "7672cc7c7a531f4e"],
        ["InfoGeometry.Cramer transitive imports (legacy)", "5735cfefaabf54b6"],
        ["InfoGeometry.Cramer:importAllArts", "451b5b43936c86b6"],
        ["InfoGeometry.Renyi transitive imports (legacy)", "310778af62aa7759"],
        ["InfoGeometry.Renyi:importAllArts", "65f6eefbb9b96fc9"],
        ["InfoGeometry.Clifford.Cl11 transitive imports (legacy)",
         "5735cfefaabf54b6"],
        ["InfoGeometry.Clifford.Cl11:importAllArts", "a3f2a0d4ae93a539"],
        ["InfoGeometry.Clifford.Grading transitive imports (legacy)",
         "8bcb345205dac446"],
        ["InfoGeometry.Clifford.Grading:importAllArts", "8ff7daa56284cb37"],
        ["InfoGeometry.Clifford.Supercharge transitive imports (legacy)",
         "945e24919c0b121a"],
        ["InfoGeometry.Clifford.Supercharge:importAllArts", "0b5054a9754ecfe4"],
        ["Mathlib transitive imports (legacy)", "f9da6cd4fca56da0"],
        ["Mathlib:importAllArts", "34e29ba263089bbb"],
        ["Mathlib.Probability.Distributions.Poisson transitive imports (legacy)",
         "338ad674929d9bfd"],
        ["Mathlib.Probability.Distributions.Poisson:importAllArts",
         "8e737579d48678af"]]]]],
    ["libs",
     [["import dynlibs", "00000000000006bb"],
      ["package external libraries", "00000000000006bb"],
      ["module dynlibs", "00000000000006bb"],
      ["module plugins", "00000000000006bb"]]]]],
  ["Lean 4.28.0, commit 3b0f2862196c6a8af9eb0025ee650252694013dd",
   "612345b87aa96642"],
  ["/home/goutev/LEAN4/info-geometry-lean/lean/InfoGeometry.lean",
   "f7f0db32e0f620d5"],
  ["options", "00000000000006bb"],
  ["Module.leanArgs: #[]", "00000000000006bb"]],
 "depHash": "64e5d1dd7f6ffe1e"}